// Vitest Snapshot v1, https://vitest.dev/guide/snapshot.html

exports[`exported symbols tests > matches the exported symbols snapshot 1`] = `
[
  "BadRequest",
  "BasicWorker",
  "CacheControl",
  "ClonedResponse",
  "CloseCode",
  "DELETE",
  "Forbidden",
  "GET",
  "HEAD",
  "Head",
  "HtmlResponse",
  "HttpError",
  "HttpHeader",
  "InternalServerError",
  "JsonResponse",
  "MediaType",
  "Method",
  "MethodNotAllowed",
  "MethodNotImplemented",
  "Middleware",
  "NotFound",
  "NotImplemented",
  "OPTIONS",
  "Options",
  "PATCH",
  "POST",
  "PUT",
  "RouteWorker",
  "ServiceUnavailable",
  "StatusCodes",
  "SuccessResponse",
  "TextResponse",
  "Time",
  "Unauthorized",
  "UpgradeRequired",
  "WS_UPGRADE",
  "WS_VERSION",
  "WS_WEBSOCKET",
  "WebSocketResponse",
  "WebSocketWorker",
  "WorkerResponse",
  "assertMethods",
  "cache",
  "cors",
  "getContentType",
  "getHeaderValues",
  "getOrigin",
  "isMethod",
  "isMethodArray",
  "lexCompare",
  "mergeHeader",
  "setHeader",
  "sortSearchParams",
  "stripSearchParams",
]
`;
